// Jest Snapshot v1, https://goo.gl/fbAQLP

exports[`getLabel should not show tips 1`] = `
<div>
  <span>
    <span
      style={
        Object {
          "color": "red",
          "marginRight": 4,
        }
      }
    >
      *
    </span>
    i am a label
    Â 
    <Tooltip
      allow={false}
      arrow={false}
      arrowPointAtCenter={false}
      autoAdjustOverflow={true}
      mouseEnterDelay={0.1}
      mouseLeaveDelay={0.1}
      placement="top"
      prefixCls="pk-tooltip"
      title="i an a tips"
      transitionName="zoom-big-fast"
      type="shallow"
    >
      <Icon
        className="color-text-icon"
        type="question-circle-o"
      />
    </Tooltip>
  </span>
</div>
`;
